// Jest Snapshot v1, https://goo.gl/fbAQLP

exports[`<AdminLogin/> should match the snapshot 1`] = `
<ContextProvider
  value={
    Object {
      "store": Object {
        "clearActions": [Function],
        "dispatch": [Function],
        "getActions": [Function],
        "getState": [Function],
        "replaceReducer": [Function],
        "subscribe": [Function],
      },
      "subscription": Subscription {
        "handleChangeWrapper": [Function],
        "listeners": Object {
          "notify": [Function],
        },
        "onStateChange": [Function],
        "parentSub": undefined,
        "store": Object {
          "clearActions": [Function],
          "dispatch": [Function],
          "getActions": [Function],
          "getState": [Function],
          "replaceReducer": [Function],
          "subscribe": [Function],
        },
        "unsubscribe": null,
      },
    }
  }
>
  <UserEditModal
    mode="Edit"
    onClose={[Function]}
    show={true}
    userInfo={
      Object {
        "avatar": "",
        "email": "",
        "first_name": "",
        "id": "",
        "last_name": "",
        "password": "",
      }
    }
  />
</ContextProvider>
`;
